[2026-08-03 22:06:21] main.ERROR: SQLSTATE[HY000]: Lock wait timeout exceeded; try restarting transaction {"report_id":"checkout-lock"} []
[2026-08-03 22:06:22] main.ERROR: Deadlock found when trying to get lock; try restarting transaction {"report_id":"db-deadlock"} []
[2026-08-03 22:06:22] main.CRITICAL: Payment gateway timeout while placing order {"gateway":"stripe","timeout_ms":30000} []
[2026-08-03 22:06:22] main.ERROR: No such entity with cartId = 0 {"report_id":"cart-missing"} []
[2026-08-03 22:06:22] main.CRITICAL: Memory limit reached during catalog reindex {"memory_limit":"756M"} []
[2026-08-03 22:06:22] main.ERROR: SQLSTATE[HY000]: Lock wait timeout exceeded; try restarting transaction {"report_id":"checkout-lock"} []
[2026-08-03 22:06:22] main.CRITICAL: Payment gateway timeout while placing order {"gateway":"stripe","timeout_ms":30000} []
[2026-08-03 22:06:22] main.CRITICAL: Payment gateway timeout while placing order {"gateway":"stripe","timeout_ms":30000} []
[2026-08-03 22:06:22] main.ERROR: No such entity with cartId = 0 {"report_id":"cart-missing"} []
[2026-08-03 22:06:22] main.ERROR: Deadlock found when trying to get lock; try restarting transaction {"report_id":"db-deadlock"} []
[2026-08-03 22:06:22] main.CRITICAL: Payment gateway timeout while placing order {"gateway":"stripe","timeout_ms":30000} []
[2026-08-03 22:06:22] main.CRITICAL: Memory limit reached during catalog reindex {"memory_limit":"756M"} []
[2026-08-03 22:06:22] main.ERROR: SQLSTATE[HY000]: Lock wait timeout exceeded; try restarting transaction {"report_id":"checkout-lock"} []
[2026-08-03 22:06:23] main.CRITICAL: Payment gateway timeout while placing order {"gateway":"stripe","timeout_ms":30000} []
[2026-08-03 22:06:23] main.CRITICAL: Payment gateway timeout while placing order {"gateway":"stripe","timeout_ms":30000} []
[2026-08-03 22:06:23] main.ERROR: Deadlock found when trying to get lock; try restarting transaction {"report_id":"db-deadlock"} []
[2026-08-03 22:06:23] main.CRITICAL: Payment gateway timeout while placing order {"gateway":"stripe","timeout_ms":30000} []
[2026-08-03 22:06:23] main.ERROR: Deadlock found when trying to get lock; try restarting transaction {"report_id":"db-deadlock"} []
[2026-08-03 22:06:23] main.CRITICAL: Memory limit reached during catalog reindex {"memory_limit":"756M"} []
[2026-08-03 22:06:23] main.CRITICAL: Payment gateway timeout while placing order {"gateway":"stripe","timeout_ms":30000} []
[2026-08-03 22:06:23] main.ERROR: SQLSTATE[HY000]: Lock wait timeout exceeded; try restarting transaction {"report_id":"checkout-lock"} []
[2026-08-03 22:06:23] main.CRITICAL: Memory limit reached during catalog reindex {"memory_limit":"756M"} []
[2026-08-03 22:06:24] main.ERROR: SQLSTATE[HY000]: Lock wait timeout exceeded; try restarting transaction {"report_id":"checkout-lock"} []
[2026-08-03 22:06:24] main.ERROR: Deadlock found when trying to get lock; try restarting transaction {"report_id":"db-deadlock"} []
[2026-08-03 22:06:24] main.CRITICAL: Payment gateway timeout while placing order {"gateway":"stripe","timeout_ms":30000} []
[2026-08-03 22:06:24] main.ERROR: Deadlock found when trying to get lock; try restarting transaction {"report_id":"db-deadlock"} []
[2026-08-03 22:06:24] main.CRITICAL: Payment gateway timeout while placing order {"gateway":"stripe","timeout_ms":30000} []
[2026-08-03 22:06:24] main.ERROR: No such entity with cartId = 0 {"report_id":"cart-missing"} []
[2026-08-03 22:06:24] main.ERROR: No such entity with cartId = 0 {"report_id":"cart-missing"} []
[2026-08-03 22:06:24] main.ERROR: Deadlock found when trying to get lock; try restarting transaction {"report_id":"db-deadlock"} []
[2026-08-03 22:06:24] main.ERROR: SQLSTATE[HY000]: Lock wait timeout exceeded; try restarting transaction {"report_id":"checkout-lock"} []
[2026-08-03 22:06:24] main.ERROR: Deadlock found when trying to get lock; try restarting transaction {"report_id":"db-deadlock"} []
[2026-08-03 22:06:25] main.ERROR: SQLSTATE[HY000]: Lock wait timeout exceeded; try restarting transaction {"report_id":"checkout-lock"} []
[2026-08-03 22:06:25] main.ERROR: Deadlock found when trying to get lock; try restarting transaction {"report_id":"db-deadlock"} []
[2026-08-03 22:06:25] main.ERROR: Deadlock found when trying to get lock; try restarting transaction {"report_id":"db-deadlock"} []
[2026-08-03 22:06:25] main.ERROR: Deadlock found when trying to get lock; try restarting transaction {"report_id":"db-deadlock"} []
[2026-08-03 22:06:25] main.ERROR: Deadlock found when trying to get lock; try restarting transaction {"report_id":"db-deadlock"} []
[2026-08-03 22:06:25] main.ERROR: SQLSTATE[HY000]: Lock wait timeout exceeded; try restarting transaction {"report_id":"checkout-lock"} []
[2026-08-03 22:06:25] main.ERROR: No such entity with cartId = 0 {"report_id":"cart-missing"} []
[2026-08-03 22:06:25] main.ERROR: Deadlock found when trying to get lock; try restarting transaction {"report_id":"db-deadlock"} []
[2026-08-03 22:06:25] main.ERROR: Deadlock found when trying to get lock; try restarting transaction {"report_id":"db-deadlock"} []
[2026-08-03 22:06:25] main.CRITICAL: Memory limit reached during catalog reindex {"memory_limit":"756M"} []
[2026-08-03 22:06:25] main.ERROR: No such entity with cartId = 0 {"report_id":"cart-missing"} []
[2026-08-03 22:06:25] main.ERROR: No such entity with cartId = 0 {"report_id":"cart-missing"} []
[2026-08-03 22:06:25] main.ERROR: No such entity with cartId = 0 {"report_id":"cart-missing"} []
[2026-08-03 22:06:25] main.CRITICAL: Payment gateway timeout while placing order {"gateway":"stripe","timeout_ms":30000} []
[2026-08-03 22:06:25] main.ERROR: SQLSTATE[HY000]: Lock wait timeout exceeded; try restarting transaction {"report_id":"checkout-lock"} []
[2026-08-03 22:06:25] main.ERROR: No such entity with cartId = 0 {"report_id":"cart-missing"} []
[2026-08-03 22:06:26] main.ERROR: SQLSTATE[HY000]: Lock wait timeout exceeded; try restarting transaction {"report_id":"checkout-lock"} []
[2026-08-03 22:06:26] main.ERROR: Deadlock found when trying to get lock; try restarting transaction {"report_id":"db-deadlock"} []
[2026-08-03 22:06:26] main.ERROR: Deadlock found when trying to get lock; try restarting transaction {"report_id":"db-deadlock"} []
[2026-08-03 22:06:26] main.ERROR: Deadlock found when trying to get lock; try restarting transaction {"report_id":"db-deadlock"} []
[2026-08-03 22:06:26] main.CRITICAL: Memory limit reached during catalog reindex {"memory_limit":"756M"} []
[2026-08-03 22:06:26] main.ERROR: No such entity with cartId = 0 {"report_id":"cart-missing"} []
[2026-08-03 22:06:26] main.ERROR: Deadlock found when trying to get lock; try restarting transaction {"report_id":"db-deadlock"} []
[2026-08-03 22:06:27] main.ERROR: No such entity with cartId = 0 {"report_id":"cart-missing"} []
[2026-08-03 22:06:27] main.CRITICAL: Memory limit reached during catalog reindex {"memory_limit":"756M"} []
[2026-08-03 22:06:27] main.ERROR: SQLSTATE[HY000]: Lock wait timeout exceeded; try restarting transaction {"report_id":"checkout-lock"} []
[2026-08-03 22:06:27] main.CRITICAL: Payment gateway timeout while placing order {"gateway":"stripe","timeout_ms":30000} []
[2026-08-03 22:06:27] main.ERROR: Deadlock found when trying to get lock; try restarting transaction {"report_id":"db-deadlock"} []
[2026-08-03 22:06:27] main.ERROR: Deadlock found when trying to get lock; try restarting transaction {"report_id":"db-deadlock"} []
[2026-08-03 22:06:27] main.CRITICAL: Payment gateway timeout while placing order {"gateway":"stripe","timeout_ms":30000} []
[2026-08-03 22:06:27] main.CRITICAL: Payment gateway timeout while placing order {"gateway":"stripe","timeout_ms":30000} []
[2026-08-03 22:06:27] main.ERROR: SQLSTATE[HY000]: Lock wait timeout exceeded; try restarting transaction {"report_id":"checkout-lock"} []
[2026-08-03 22:06:27] main.ERROR: SQLSTATE[HY000]: Lock wait timeout exceeded; try restarting transaction {"report_id":"checkout-lock"} []
[2026-08-03 22:06:27] main.ERROR: Deadlock found when trying to get lock; try restarting transaction {"report_id":"db-deadlock"} []
[2026-08-03 22:06:27] main.CRITICAL: Payment gateway timeout while placing order {"gateway":"stripe","timeout_ms":30000} []
[2026-08-03 22:06:27] main.CRITICAL: Payment gateway timeout while placing order {"gateway":"stripe","timeout_ms":30000} []
[2026-08-03 22:06:28] main.ERROR: No such entity with cartId = 0 {"report_id":"cart-missing"} []
[2026-08-03 22:06:28] main.ERROR: No such entity with cartId = 0 {"report_id":"cart-missing"} []
[2026-08-03 22:06:28] main.ERROR: Deadlock found when trying to get lock; try restarting transaction {"report_id":"db-deadlock"} []
[2026-08-03 22:06:28] main.ERROR: SQLSTATE[HY000]: Lock wait timeout exceeded; try restarting transaction {"report_id":"checkout-lock"} []
[2026-08-03 22:06:28] main.ERROR: Deadlock found when trying to get lock; try restarting transaction {"report_id":"db-deadlock"} []
[2026-08-03 22:06:28] main.ERROR: SQLSTATE[HY000]: Lock wait timeout exceeded; try restarting transaction {"report_id":"checkout-lock"} []
[2026-08-03 22:06:28] main.ERROR: SQLSTATE[HY000]: Lock wait timeout exceeded; try restarting transaction {"report_id":"checkout-lock"} []
[2026-08-03 22:06:28] main.ERROR: No such entity with cartId = 0 {"report_id":"cart-missing"} []
[2026-08-03 22:06:28] main.CRITICAL: Memory limit reached during catalog reindex {"memory_limit":"756M"} []
[2026-08-03 22:06:29] main.ERROR: Deadlock found when trying to get lock; try restarting transaction {"report_id":"db-deadlock"} []
[2026-08-03 22:06:29] main.ERROR: Deadlock found when trying to get lock; try restarting transaction {"report_id":"db-deadlock"} []
[2026-08-03 22:06:29] main.ERROR: No such entity with cartId = 0 {"report_id":"cart-missing"} []
